{
  "version": "1.5.0",
  "plugins_used": [
    {
      "name": "ArtifactoryDetector"
    },
    {
      "name": "AWSKeyDetector"
    },
    {
      "name": "AzureStorageKeyDetector"
    },
    {
      "name": "Base64HighEntropyString",
      "limit": 4.5
    },
    {
      "name": "BasicAuthDetector"
    },
    {
      "name": "CloudantDetector"
    },
    {
      "name": "DiscordBotTokenDetector"
    },
    {
      "name": "GitHubTokenDetector"
    },
    {
      "name": "GitLabTokenDetector"
    },
    {
      "name": "HexHighEntropyString",
      "limit": 3.0
    },
    {
      "name": "IbmCloudIamDetector"
    },
    {
      "name": "IbmCosHmacDetector"
    },
    {
      "name": "IPPublicDetector"
    },
    {
      "name": "JwtTokenDetector"
    },
    {
      "name": "KeywordDetector",
      "keyword_exclude": ""
    },
    {
      "name": "MailchimpDetector"
    },
    {
      "name": "NpmDetector"
    },
    {
      "name": "OpenAIDetector"
    },
    {
      "name": "PrivateKeyDetector"
    },
    {
      "name": "PypiTokenDetector"
    },
    {
      "name": "SendGridDetector"
    },
    {
      "name": "SlackDetector"
    },
    {
      "name": "SoftlayerDetector"
    },
    {
      "name": "SquareOAuthDetector"
    },
    {
      "name": "StripeDetector"
    },
    {
      "name": "TelegramBotTokenDetector"
    },
    {
      "name": "TwilioKeyDetector"
    }
  ],
  "filters_used": [
    {
      "path": "detect_secrets.filters.allowlist.is_line_allowlisted"
    },
    {
      "path": "detect_secrets.filters.common.is_baseline_file",
      "filename": ".secrets.baseline"
    },
    {
      "path": "detect_secrets.filters.common.is_ignored_due_to_verification_policies",
      "min_level": 2
    },
    {
      "path": "detect_secrets.filters.heuristic.is_indirect_reference"
    },
    {
      "path": "detect_secrets.filters.heuristic.is_likely_id_string"
    },
    {
      "path": "detect_secrets.filters.heuristic.is_lock_file"
    },
    {
      "path": "detect_secrets.filters.heuristic.is_not_alphanumeric_string"
    },
    {
      "path": "detect_secrets.filters.heuristic.is_potential_uuid"
    },
    {
      "path": "detect_secrets.filters.heuristic.is_prefixed_with_dollar_sign"
    },
    {
      "path": "detect_secrets.filters.heuristic.is_sequential_string"
    },
    {
      "path": "detect_secrets.filters.heuristic.is_swagger_file"
    },
    {
      "path": "detect_secrets.filters.heuristic.is_templated_secret"
    }
  ],
  "results": {
    "data\\processed\\cps_clean.csv.dvc": [
      {
        "type": "Hex High Entropy String",
        "filename": "data\\processed\\cps_clean.csv.dvc",
        "hashed_secret": "7f4ef78c6cb30698105880e581904d3405919528",
        "is_verified": false,
        "line_number": 2
      }
    ],
    "data\\processed\\nsw_clean.csv.dvc": [
      {
        "type": "Hex High Entropy String",
        "filename": "data\\processed\\nsw_clean.csv.dvc",
        "hashed_secret": "fd8a9a7935b9754ca4ac75df154ecf44f76455ec",
        "is_verified": false,
        "line_number": 2
      }
    ],
    "data\\processed\\nsw_treated_plus_cps_controls.csv.dvc": [
      {
        "type": "Hex High Entropy String",
        "filename": "data\\processed\\nsw_treated_plus_cps_controls.csv.dvc",
        "hashed_secret": "3a5f68a483530c6f8d32f8ce1ad1af69eef2d8ca",
        "is_verified": false,
        "line_number": 2
      }
    ],
    "data\\raw\\lalonde_cps.csv.dvc": [
      {
        "type": "Hex High Entropy String",
        "filename": "data\\raw\\lalonde_cps.csv.dvc",
        "hashed_secret": "31ed9470ccaf595dd0796ad0738a27bfd45439a1",
        "is_verified": false,
        "line_number": 2
      }
    ],
    "data\\raw\\lalonde_nsw.csv.dvc": [
      {
        "type": "Hex High Entropy String",
        "filename": "data\\raw\\lalonde_nsw.csv.dvc",
        "hashed_secret": "ac75b45e995e4bcfeceb770d9df1b420136c3f8b",
        "is_verified": false,
        "line_number": 2
      }
    ]
  },
  "generated_at": "2026-05-25T18:30:21Z"
}
